// Jest Snapshot v1, https://goo.gl/fbAQLP

exports[`App Tests the rendering of components 1`] = `
<div
  className="App"
>
  <div
    className="display"
  >
    0
  </div>
  <ul
    className="panel"
  >
    <div
      className="panel-button"
    >
      <button
        onClick={[Function]}
        type="button"
      >
        AC
      </button>
    </div>
    <div
      className="panel-button"
    >
      <button
        onClick={[Function]}
        type="button"
      >
        +/-
      </button>
    </div>
    <div
      className="panel-button"
    >
      <button
        onClick={[Function]}
        type="button"
      >
        %
      </button>
    </div>
    <div
      className="panel-button"
    >
      <button
        onClick={[Function]}
        type="button"
      >
        รท
      </button>
    </div>
    <div
      className="panel-button"
    >
      <button
        onClick={[Function]}
        type="button"
      >
        7
      </button>
    </div>
    <div
      className="panel-button"
    >
      <button
        onClick={[Function]}
        type="button"
      >
        8
      </button>
    </div>
    <div
      className="panel-button"
    >
      <button
        onClick={[Function]}
        type="button"
      >
        9
      </button>
    </div>
    <div
      className="panel-button"
    >
      <button
        onClick={[Function]}
        type="button"
      >
        X
      </button>
    </div>
    <div
      className="panel-button"
    >
      <button
        onClick={[Function]}
        type="button"
      >
        4
      </button>
    </div>
    <div
      className="panel-button"
    >
      <button
        onClick={[Function]}
        type="button"
      >
        5
      </button>
    </div>
    <div
      className="panel-button"
    >
      <button
        onClick={[Function]}
        type="button"
      >
        6
      </button>
    </div>
    <div
      className="panel-button"
    >
      <button
        onClick={[Function]}
        type="button"
      >
        -
      </button>
    </div>
    <div
      className="panel-button"
    >
      <button
        onClick={[Function]}
        type="button"
      >
        1
      </button>
    </div>
    <div
      className="panel-button"
    >
      <button
        onClick={[Function]}
        type="button"
      >
        2
      </button>
    </div>
    <div
      className="panel-button"
    >
      <button
        onClick={[Function]}
        type="button"
      >
        3
      </button>
    </div>
    <div
      className="panel-button"
    >
      <button
        onClick={[Function]}
        type="button"
      >
        +
      </button>
    </div>
    <div
      className="panel-button"
    >
      <button
        onClick={[Function]}
        type="button"
      >
        0
      </button>
    </div>
    <div
      className="panel-button"
    >
      <button
        onClick={[Function]}
        type="button"
      >
        .
      </button>
    </div>
    <div
      className="panel-button"
    >
      <button
        onClick={[Function]}
        type="button"
      >
        =
      </button>
    </div>
  </ul>
</div>
`;
