// Jest Snapshot v1, https://goo.gl/fbAQLP

exports[`Should render a button 1`] = `
<button
  onClick={[Function]}
  type="button"
>
  5
</button>
`;

exports[`renders correctly 1`] = `
<button
  onClick={[Function]}
  type="button"
>
  5
</button>
`;
